
58. Executing CHECK pass (checking for obvious problems).
Checking module cpu_axi_top...
Checking module $paramod\cla_adder\WIDTH=s32'00000000000000000000000000011000...
Checking module cla_group...
Checking module $paramod\carry_save_adder\WIDTH=s32'00000000000000000000000000010101...
Checking module $paramod\cla_adder\WIDTH=s32'00000000000000000000000000100000...
Checking module $paramod$8392c0aee371eac30cfcd917af9a6c37ac869d3e\mac_unit...
Checking module $paramod$a965771240e86f019585f6ede40280813c1fc46f\mac_array...
Checking module $paramod$a965771240e86f019585f6ede40280813c1fc46f\axi_accel_slave...
Checking module accel_regbank...
Checking module $paramod\accelerator_fsm\MATRIX_DIM=s32'00000000000000000000000000000100...
Checking module $paramod$d5d4031a7b455ecb8db633eaee33f9a894b64c58\address_generator...
Checking module $paramod$a965771240e86f019585f6ede40280813c1fc46f\matrix_buffer...
Checking module $paramod$8392c0aee371eac30cfcd917af9a6c37ac869d3e\processing_element...
Checking module uart_tx...
Checking module pc...
Checking module pc_next...
Checking module imem...
Checking module decoder...
Checking module main_control...
Checking module alu_control...
Checking module regfile...
Checking module forwarding_unit...
Checking module imm_gen...
Checking module alu_src_mux...
Checking module alu...
Checking module comparator...
Checking module branch_target_adder...
Checking module next_pc_mux...
Checking module writeback_mux...
Checking module if_id...
Checking module id_ex...
Checking module ex_mem...
Checking module mem_wb...
Checking module hazard_detection_unit...
Checking module axi_lite_master_cpu...
Checking module axi_dmem_slave...
Checking module axi_decoder...
Checking module axi_uart_slave...
Checking module axi_timer_slave...
Checking module matrix_accelerator_top...
Checking module $paramod\wallace_multiplier\WIDTH=s32'00000000000000000000000000001000...
Checking module full_adder...
Found and reported 0 problems.
