
58. Executing CHECK pass (checking for obvious problems).
Checking module cpu_axi_top...
Checking module $paramod\cla_adder\WIDTH=s32'00000000000000000000000000011000...
Checking module cla_group...
Checking module $paramod\carry_save_adder\WIDTH=s32'00000000000000000000000000010101...
Checking module $paramod\cla_adder\WIDTH=s32'00000000000000000000000000100000...
Checking module $paramod$8392c0aee371eac30cfcd917af9a6c37ac869d3e\mac_unit...
Checking module $paramod$a965771240e86f019585f6ede40280813c1fc46f\mac_array...
Checking module $paramod$a965771240e86f019585f6ede40280813c1fc46f\axi_accel_slave...
Checking module accel_regbank...
Checking module $paramod\accelerator_fsm\MATRIX_DIM=s32'00000000000000000000000000000100...
Checking module $paramod$d5d4031a7b455ecb8db633eaee33f9a894b64c58\address_generator...
Checking module $paramod$a965771240e86f019585f6ede40280813c1fc46f\matrix_buffer...
Warning: multiple conflicting drivers for $paramod$a965771240e86f019585f6ede40280813c1fc46f\matrix_buffer.\idx [31]:
    port Q[31] of cell $procdff$38436 ($dff)
    port Q[31] of cell $procdff$38371 ($dff)
Warning: multiple conflicting drivers for $paramod$a965771240e86f019585f6ede40280813c1fc46f\matrix_buffer.\idx [30]:
    port Q[30] of cell $procdff$38436 ($dff)
    port Q[30] of cell $procdff$38371 ($dff)
Warning: multiple conflicting drivers for $paramod$a965771240e86f019585f6ede40280813c1fc46f\matrix_buffer.\idx [29]:
    port Q[29] of cell $procdff$38436 ($dff)
    port Q[29] of cell $procdff$38371 ($dff)
Warning: multiple conflicting drivers for $paramod$a965771240e86f019585f6ede40280813c1fc46f\matrix_buffer.\idx [28]:
    port Q[28] of cell $procdff$38436 ($dff)
    port Q[28] of cell $procdff$38371 ($dff)
Warning: multiple conflicting drivers for $paramod$a965771240e86f019585f6ede40280813c1fc46f\matrix_buffer.\idx [27]:
    port Q[27] of cell $procdff$38436 ($dff)
    port Q[27] of cell $procdff$38371 ($dff)
Warning: multiple conflicting drivers for $paramod$a965771240e86f019585f6ede40280813c1fc46f\matrix_buffer.\idx [26]:
    port Q[26] of cell $procdff$38436 ($dff)
    port Q[26] of cell $procdff$38371 ($dff)
Warning: multiple conflicting drivers for $paramod$a965771240e86f019585f6ede40280813c1fc46f\matrix_buffer.\idx [25]:
    port Q[25] of cell $procdff$38436 ($dff)
    port Q[25] of cell $procdff$38371 ($dff)
Warning: multiple conflicting drivers for $paramod$a965771240e86f019585f6ede40280813c1fc46f\matrix_buffer.\idx [24]:
    port Q[24] of cell $procdff$38436 ($dff)
    port Q[24] of cell $procdff$38371 ($dff)
Warning: multiple conflicting drivers for $paramod$a965771240e86f019585f6ede40280813c1fc46f\matrix_buffer.\idx [23]:
    port Q[23] of cell $procdff$38436 ($dff)
    port Q[23] of cell $procdff$38371 ($dff)
Warning: multiple conflicting drivers for $paramod$a965771240e86f019585f6ede40280813c1fc46f\matrix_buffer.\idx [22]:
    port Q[22] of cell $procdff$38436 ($dff)
    port Q[22] of cell $procdff$38371 ($dff)
Warning: multiple conflicting drivers for $paramod$a965771240e86f019585f6ede40280813c1fc46f\matrix_buffer.\idx [21]:
    port Q[21] of cell $procdff$38436 ($dff)
    port Q[21] of cell $procdff$38371 ($dff)
Warning: multiple conflicting drivers for $paramod$a965771240e86f019585f6ede40280813c1fc46f\matrix_buffer.\idx [20]:
    port Q[20] of cell $procdff$38436 ($dff)
    port Q[20] of cell $procdff$38371 ($dff)
Warning: multiple conflicting drivers for $paramod$a965771240e86f019585f6ede40280813c1fc46f\matrix_buffer.\idx [19]:
    port Q[19] of cell $procdff$38436 ($dff)
    port Q[19] of cell $procdff$38371 ($dff)
Warning: multiple conflicting drivers for $paramod$a965771240e86f019585f6ede40280813c1fc46f\matrix_buffer.\idx [18]:
    port Q[18] of cell $procdff$38436 ($dff)
    port Q[18] of cell $procdff$38371 ($dff)
Warning: multiple conflicting drivers for $paramod$a965771240e86f019585f6ede40280813c1fc46f\matrix_buffer.\idx [17]:
    port Q[17] of cell $procdff$38436 ($dff)
    port Q[17] of cell $procdff$38371 ($dff)
Warning: multiple conflicting drivers for $paramod$a965771240e86f019585f6ede40280813c1fc46f\matrix_buffer.\idx [16]:
    port Q[16] of cell $procdff$38436 ($dff)
    port Q[16] of cell $procdff$38371 ($dff)
Warning: multiple conflicting drivers for $paramod$a965771240e86f019585f6ede40280813c1fc46f\matrix_buffer.\idx [15]:
    port Q[15] of cell $procdff$38436 ($dff)
    port Q[15] of cell $procdff$38371 ($dff)
Warning: multiple conflicting drivers for $paramod$a965771240e86f019585f6ede40280813c1fc46f\matrix_buffer.\idx [14]:
    port Q[14] of cell $procdff$38436 ($dff)
    port Q[14] of cell $procdff$38371 ($dff)
Warning: multiple conflicting drivers for $paramod$a965771240e86f019585f6ede40280813c1fc46f\matrix_buffer.\idx [13]:
    port Q[13] of cell $procdff$38436 ($dff)
    port Q[13] of cell $procdff$38371 ($dff)
Warning: multiple conflicting drivers for $paramod$a965771240e86f019585f6ede40280813c1fc46f\matrix_buffer.\idx [12]:
    port Q[12] of cell $procdff$38436 ($dff)
    port Q[12] of cell $procdff$38371 ($dff)
Warning: multiple conflicting drivers for $paramod$a965771240e86f019585f6ede40280813c1fc46f\matrix_buffer.\idx [11]:
    port Q[11] of cell $procdff$38436 ($dff)
    port Q[11] of cell $procdff$38371 ($dff)
Warning: multiple conflicting drivers for $paramod$a965771240e86f019585f6ede40280813c1fc46f\matrix_buffer.\idx [10]:
    port Q[10] of cell $procdff$38436 ($dff)
    port Q[10] of cell $procdff$38371 ($dff)
Warning: multiple conflicting drivers for $paramod$a965771240e86f019585f6ede40280813c1fc46f\matrix_buffer.\idx [9]:
    port Q[9] of cell $procdff$38436 ($dff)
    port Q[9] of cell $procdff$38371 ($dff)
Warning: multiple conflicting drivers for $paramod$a965771240e86f019585f6ede40280813c1fc46f\matrix_buffer.\idx [8]:
    port Q[8] of cell $procdff$38436 ($dff)
    port Q[8] of cell $procdff$38371 ($dff)
Warning: multiple conflicting drivers for $paramod$a965771240e86f019585f6ede40280813c1fc46f\matrix_buffer.\idx [7]:
    port Q[7] of cell $procdff$38436 ($dff)
    port Q[7] of cell $procdff$38371 ($dff)
Warning: multiple conflicting drivers for $paramod$a965771240e86f019585f6ede40280813c1fc46f\matrix_buffer.\idx [6]:
    port Q[6] of cell $procdff$38436 ($dff)
    port Q[6] of cell $procdff$38371 ($dff)
Warning: multiple conflicting drivers for $paramod$a965771240e86f019585f6ede40280813c1fc46f\matrix_buffer.\idx [5]:
    port Q[5] of cell $procdff$38436 ($dff)
    port Q[5] of cell $procdff$38371 ($dff)
Warning: multiple conflicting drivers for $paramod$a965771240e86f019585f6ede40280813c1fc46f\matrix_buffer.\idx [4]:
    port Q[4] of cell $procdff$38436 ($dff)
    port Q[4] of cell $procdff$38371 ($dff)
Warning: multiple conflicting drivers for $paramod$a965771240e86f019585f6ede40280813c1fc46f\matrix_buffer.\idx [3]:
    port Q[3] of cell $procdff$38436 ($dff)
    port Q[3] of cell $procdff$38371 ($dff)
Warning: multiple conflicting drivers for $paramod$a965771240e86f019585f6ede40280813c1fc46f\matrix_buffer.\idx [2]:
    port Q[2] of cell $procdff$38436 ($dff)
    port Q[2] of cell $procdff$38371 ($dff)
Warning: multiple conflicting drivers for $paramod$a965771240e86f019585f6ede40280813c1fc46f\matrix_buffer.\idx [1]:
    port Q[1] of cell $procdff$38436 ($dff)
    port Q[1] of cell $procdff$38371 ($dff)
Warning: multiple conflicting drivers for $paramod$a965771240e86f019585f6ede40280813c1fc46f\matrix_buffer.\idx [0]:
    port Q[0] of cell $procdff$38436 ($dff)
    port Q[0] of cell $procdff$38371 ($dff)
Checking module $paramod$8392c0aee371eac30cfcd917af9a6c37ac869d3e\processing_element...
Checking module uart_tx...
Checking module pc...
Checking module pc_next...
Checking module imem...
Checking module decoder...
Checking module main_control...
Checking module alu_control...
Checking module regfile...
Checking module forwarding_unit...
Checking module imm_gen...
Checking module alu_src_mux...
Checking module alu...
Checking module comparator...
Checking module branch_target_adder...
Checking module next_pc_mux...
Checking module writeback_mux...
Checking module if_id...
Checking module id_ex...
Checking module ex_mem...
Checking module mem_wb...
Checking module hazard_detection_unit...
Checking module axi_lite_master_cpu...
Checking module axi_dmem_slave...
Checking module axi_decoder...
Checking module axi_uart_slave...
Checking module axi_timer_slave...
Warning: multiple conflicting drivers for axi_timer_slave.\count_reg [31]:
    port Q[31] of cell $procdff$39366 ($adff)
    port Q[31] of cell $procdff$39361 ($dff)
Warning: multiple conflicting drivers for axi_timer_slave.\count_reg [30]:
    port Q[30] of cell $procdff$39366 ($adff)
    port Q[30] of cell $procdff$39361 ($dff)
Warning: multiple conflicting drivers for axi_timer_slave.\count_reg [29]:
    port Q[29] of cell $procdff$39366 ($adff)
    port Q[29] of cell $procdff$39361 ($dff)
Warning: multiple conflicting drivers for axi_timer_slave.\count_reg [28]:
    port Q[28] of cell $procdff$39366 ($adff)
    port Q[28] of cell $procdff$39361 ($dff)
Warning: multiple conflicting drivers for axi_timer_slave.\count_reg [27]:
    port Q[27] of cell $procdff$39366 ($adff)
    port Q[27] of cell $procdff$39361 ($dff)
Warning: multiple conflicting drivers for axi_timer_slave.\count_reg [26]:
    port Q[26] of cell $procdff$39366 ($adff)
    port Q[26] of cell $procdff$39361 ($dff)
Warning: multiple conflicting drivers for axi_timer_slave.\count_reg [25]:
    port Q[25] of cell $procdff$39366 ($adff)
    port Q[25] of cell $procdff$39361 ($dff)
Warning: multiple conflicting drivers for axi_timer_slave.\count_reg [24]:
    port Q[24] of cell $procdff$39366 ($adff)
    port Q[24] of cell $procdff$39361 ($dff)
Warning: multiple conflicting drivers for axi_timer_slave.\count_reg [23]:
    port Q[23] of cell $procdff$39366 ($adff)
    port Q[23] of cell $procdff$39361 ($dff)
Warning: multiple conflicting drivers for axi_timer_slave.\count_reg [22]:
    port Q[22] of cell $procdff$39366 ($adff)
    port Q[22] of cell $procdff$39361 ($dff)
Warning: multiple conflicting drivers for axi_timer_slave.\count_reg [21]:
    port Q[21] of cell $procdff$39366 ($adff)
    port Q[21] of cell $procdff$39361 ($dff)
Warning: multiple conflicting drivers for axi_timer_slave.\count_reg [20]:
    port Q[20] of cell $procdff$39366 ($adff)
    port Q[20] of cell $procdff$39361 ($dff)
Warning: multiple conflicting drivers for axi_timer_slave.\count_reg [19]:
    port Q[19] of cell $procdff$39366 ($adff)
    port Q[19] of cell $procdff$39361 ($dff)
Warning: multiple conflicting drivers for axi_timer_slave.\count_reg [18]:
    port Q[18] of cell $procdff$39366 ($adff)
    port Q[18] of cell $procdff$39361 ($dff)
Warning: multiple conflicting drivers for axi_timer_slave.\count_reg [17]:
    port Q[17] of cell $procdff$39366 ($adff)
    port Q[17] of cell $procdff$39361 ($dff)
Warning: multiple conflicting drivers for axi_timer_slave.\count_reg [16]:
    port Q[16] of cell $procdff$39366 ($adff)
    port Q[16] of cell $procdff$39361 ($dff)
Warning: multiple conflicting drivers for axi_timer_slave.\count_reg [15]:
    port Q[15] of cell $procdff$39366 ($adff)
    port Q[15] of cell $procdff$39361 ($dff)
Warning: multiple conflicting drivers for axi_timer_slave.\count_reg [14]:
    port Q[14] of cell $procdff$39366 ($adff)
    port Q[14] of cell $procdff$39361 ($dff)
Warning: multiple conflicting drivers for axi_timer_slave.\count_reg [13]:
    port Q[13] of cell $procdff$39366 ($adff)
    port Q[13] of cell $procdff$39361 ($dff)
Warning: multiple conflicting drivers for axi_timer_slave.\count_reg [12]:
    port Q[12] of cell $procdff$39366 ($adff)
    port Q[12] of cell $procdff$39361 ($dff)
Warning: multiple conflicting drivers for axi_timer_slave.\count_reg [11]:
    port Q[11] of cell $procdff$39366 ($adff)
    port Q[11] of cell $procdff$39361 ($dff)
Warning: multiple conflicting drivers for axi_timer_slave.\count_reg [10]:
    port Q[10] of cell $procdff$39366 ($adff)
    port Q[10] of cell $procdff$39361 ($dff)
Warning: multiple conflicting drivers for axi_timer_slave.\count_reg [9]:
    port Q[9] of cell $procdff$39366 ($adff)
    port Q[9] of cell $procdff$39361 ($dff)
Warning: multiple conflicting drivers for axi_timer_slave.\count_reg [8]:
    port Q[8] of cell $procdff$39366 ($adff)
    port Q[8] of cell $procdff$39361 ($dff)
Warning: multiple conflicting drivers for axi_timer_slave.\count_reg [7]:
    port Q[7] of cell $procdff$39366 ($adff)
    port Q[7] of cell $procdff$39361 ($dff)
Warning: multiple conflicting drivers for axi_timer_slave.\count_reg [6]:
    port Q[6] of cell $procdff$39366 ($adff)
    port Q[6] of cell $procdff$39361 ($dff)
Warning: multiple conflicting drivers for axi_timer_slave.\count_reg [5]:
    port Q[5] of cell $procdff$39366 ($adff)
    port Q[5] of cell $procdff$39361 ($dff)
Warning: multiple conflicting drivers for axi_timer_slave.\count_reg [4]:
    port Q[4] of cell $procdff$39366 ($adff)
    port Q[4] of cell $procdff$39361 ($dff)
Warning: multiple conflicting drivers for axi_timer_slave.\count_reg [3]:
    port Q[3] of cell $procdff$39366 ($adff)
    port Q[3] of cell $procdff$39361 ($dff)
Warning: multiple conflicting drivers for axi_timer_slave.\count_reg [2]:
    port Q[2] of cell $procdff$39366 ($adff)
    port Q[2] of cell $procdff$39361 ($dff)
Warning: multiple conflicting drivers for axi_timer_slave.\count_reg [1]:
    port Q[1] of cell $procdff$39366 ($adff)
    port Q[1] of cell $procdff$39361 ($dff)
Warning: multiple conflicting drivers for axi_timer_slave.\count_reg [0]:
    port Q[0] of cell $procdff$39366 ($adff)
    port Q[0] of cell $procdff$39361 ($dff)
Warning: multiple conflicting drivers for axi_timer_slave.\status_match:
    port Q[0] of cell $procdff$39367 ($adff)
    port Q[0] of cell $procdff$39365 ($dff)
Checking module matrix_accelerator_top...
Checking module $paramod\wallace_multiplier\WIDTH=s32'00000000000000000000000000001000...
Checking module full_adder...
Found and reported 65 problems.
