
===========================================================================
report_checks -unconstrained
===========================================================================
======================= Typical Corner ===================================

Startpoint: reset (input port clocked by clk)
Endpoint: _446_ (recovery check against rising-edge clock clk)
Path Group: asynchronous
Path Type: max

Fanout     Cap    Slew   Delay    Time   Description
-----------------------------------------------------------------------------
                          0.00    0.00   clock clk (rise edge)
                          0.00    0.00   clock network delay (propagated)
                          2.00    2.00 v input external delay
    12    0.02    0.04    0.03    2.03 v reset (in)
                                         reset (net)
                  0.04    0.00    2.03 v _396_/A (sky130_fd_sc_hd__buf_2)
     6    0.02    0.07    0.16    2.19 v _396_/X (sky130_fd_sc_hd__buf_2)
                                         _214_ (net)
                  0.07    0.00    2.19 v _397_/A (sky130_fd_sc_hd__buf_2)
     6    0.03    0.07    0.18    2.38 v _397_/X (sky130_fd_sc_hd__buf_2)
                                         _215_ (net)
                  0.07    0.00    2.38 v _402_/A (sky130_fd_sc_hd__inv_2)
     1    0.00    0.03    0.06    2.43 ^ _402_/Y (sky130_fd_sc_hd__inv_2)
                                         _004_ (net)
                  0.03    0.00    2.43 ^ _446_/RESET_B (sky130_fd_sc_hd__dfrtp_4)
                                  2.43   data arrival time

                         10.00   10.00   clock clk (rise edge)
                          0.00   10.00   clock source latency
     1    0.01    0.04    0.03   10.03 ^ clk (in)
                                         clk (net)
                  0.04    0.00   10.03 ^ clkbuf_0_clk/A (sky130_fd_sc_hd__clkbuf_16)
     4    0.03    0.05    0.13   10.15 ^ clkbuf_0_clk/X (sky130_fd_sc_hd__clkbuf_16)
                                         clknet_0_clk (net)
                  0.05    0.00   10.15 ^ clkbuf_2_2__f_clk/A (sky130_fd_sc_hd__clkbuf_16)
    10    0.02    0.04    0.12   10.28 ^ clkbuf_2_2__f_clk/X (sky130_fd_sc_hd__clkbuf_16)
                                         clknet_2_2__leaf_clk (net)
                  0.04    0.00   10.28 ^ _446_/CLK (sky130_fd_sc_hd__dfrtp_4)
                         -0.25   10.03   clock uncertainty
                          0.00   10.03   clock reconvergence pessimism
                          0.22   10.25   library recovery time
                                 10.25   data required time
-----------------------------------------------------------------------------
                                 10.25   data required time
                                 -2.43   data arrival time
-----------------------------------------------------------------------------
                                  7.82   slack (MET)


Startpoint: _452_ (rising edge-triggered flip-flop clocked by clk)
Endpoint: debug_pc[12] (output port clocked by clk)
Path Group: clk
Path Type: max

Fanout     Cap    Slew   Delay    Time   Description
-----------------------------------------------------------------------------
                          0.00    0.00   clock clk (rise edge)
                          0.00    0.00   clock source latency
     1    0.01    0.04    0.03    0.03 ^ clk (in)
                                         clk (net)
                  0.04    0.00    0.03 ^ clkbuf_0_clk/A (sky130_fd_sc_hd__clkbuf_16)
     4    0.03    0.05    0.14    0.17 ^ clkbuf_0_clk/X (sky130_fd_sc_hd__clkbuf_16)
                                         clknet_0_clk (net)
                  0.05    0.00    0.17 ^ clkbuf_2_3__f_clk/A (sky130_fd_sc_hd__clkbuf_16)
    11    0.02    0.05    0.14    0.31 ^ clkbuf_2_3__f_clk/X (sky130_fd_sc_hd__clkbuf_16)
                                         clknet_2_3__leaf_clk (net)
                  0.05    0.00    0.31 ^ _452_/CLK (sky130_fd_sc_hd__dfrtp_4)
     7    0.02    0.08    0.52    0.83 v _452_/Q (sky130_fd_sc_hd__dfrtp_4)
                                         net3 (net)
                  0.08    0.00    0.83 v output3/A (sky130_fd_sc_hd__buf_2)
     1    0.03    0.09    0.20    1.03 v output3/X (sky130_fd_sc_hd__buf_2)
                                         debug_pc[12] (net)
                  0.09    0.00    1.03 v debug_pc[12] (out)
                                  1.03   data arrival time

                         10.00   10.00   clock clk (rise edge)
                          0.00   10.00   clock network delay (propagated)
                         -0.25    9.75   clock uncertainty
                          0.00    9.75   clock reconvergence pessimism
                         -2.00    7.75   output external delay
                                  7.75   data required time
-----------------------------------------------------------------------------
                                  7.75   data required time
                                 -1.03   data arrival time
-----------------------------------------------------------------------------
                                  6.72   slack (MET)




===========================================================================
report_checks --slack_max -0.01
============================================================================
======================= Typical Corner ===================================

No paths found.


===========================================================================
 report_check_types -max_slew -max_cap -max_fanout -violators
============================================================================
======================= Typical Corner ===================================

max fanout

Pin                                   Limit Fanout  Slack
---------------------------------------------------------
reset                                     6     12     -6 (VIOLATED)
clkbuf_2_0__f_clk/X                       6     12     -6 (VIOLATED)
clkbuf_2_3__f_clk/X                       6     11     -5 (VIOLATED)
clkbuf_2_2__f_clk/X                       6     10     -4 (VIOLATED)
clkbuf_2_1__f_clk/X                       6      9     -3 (VIOLATED)
_452_/Q                                   6      7        (VIOLATED)
_466_/Q                                   6      7        (VIOLATED)


max slew violations count Typical: 0
max fanout violations count Typical: 7
max cap violations count Typical: 0

===========================================================================
report_parasitic_annotation -report_unannotated
============================================================================
Found 580 unannotated drivers.
 clk
 reset
 _221_/X
 _222_/X
 _223_/X
 _224_/X
 _225_/Y
 _226_/Y
 _227_/Y
 _228_/Y
 _229_/Y
 _230_/X
 _231_/Y
 _232_/X
 _233_/X
 _234_/X
 _235_/X
 _236_/X
 _237_/Y
 _238_/Y
 _239_/Y
 _240_/Y
 _241_/X
 _242_/X
 _243_/X
 _244_/X
 _245_/X
 _246_/Y
 _247_/X
 _248_/Y
 _249_/X
 _250_/X
 _251_/X
 _252_/X
 _253_/Y
 _254_/Y
 _255_/Y
 _256_/X
 _257_/Y
 _258_/Y
 _259_/Y
 _260_/X
 _261_/Y
 _262_/Y
 _263_/Y
 _264_/Y
 _265_/Y
 _266_/Y
 _267_/X
 _268_/Y
 _269_/Y
 _270_/Y
 _271_/X
 _272_/Y
 _273_/Y
 _274_/Y
 _275_/Y
 _276_/X
 _277_/X
 _278_/X
 _279_/Y
 _280_/X
 _281_/Y
 _282_/Y
 _283_/Y
 _284_/X
 _285_/Y
 _286_/X
 _287_/Y
 _288_/X
 _289_/Y
 _290_/Y
 _291_/Y
 _292_/Y
 _293_/Y
 _294_/Y
 _295_/Y
 _296_/Y
 _297_/X
 _298_/X
 _299_/X
 _300_/Y
 _301_/Y
 _302_/Y
 _303_/Y
 _304_/Y
 _305_/X
 _306_/X
 _307_/X
 _308_/Y
 _309_/Y
 _310_/X
 _311_/Y
 _312_/X
 _313_/Y
 _314_/Y
 _315_/Y
 _316_/X
 _317_/Y
 _318_/X
 _319_/Y
 _320_/Y
 _321_/Y
 _322_/X
 _323_/X
 _324_/Y
 _325_/Y
 _326_/Y
 _327_/X
 _328_/Y
 _329_/X
 _330_/Y
 _331_/Y
 _332_/Y
 _333_/Y
 _334_/X
 _335_/Y
 _336_/Y
 _337_/Y
 _338_/Y
 _339_/Y
 _340_/Y
 _341_/X
 _342_/Y
 _343_/Y
 _344_/Y
 _345_/Y
 _346_/Y
 _347_/Y
 _348_/Y
 _349_/X
 _350_/X
 _351_/Y
 _352_/Y
 _353_/X
 _354_/Y
 _355_/Y
 _356_/Y
 _357_/Y
 _358_/X
 _359_/Y
 _360_/Y
 _361_/X
 _362_/Y
 _363_/Y
 _364_/Y
 _365_/Y
 _366_/Y
 _367_/X
 _368_/X
 _369_/X
 _370_/X
 _371_/X
 _372_/X
 _373_/X
 _374_/Y
 _375_/X
 _376_/X
 _377_/Y
 _378_/Y
 _379_/X
 _380_/Y
 _381_/Y
 _382_/Y
 _383_/Y
 _384_/X
 _385_/Y
 _386_/Y
 _387_/X
 _388_/X
 _389_/X
 _390_/Y
 _391_/Y
 _392_/Y
 _393_/X
 _394_/X
 _395_/X
 _396_/X
 _397_/X
 _398_/Y
 _399_/Y
 _400_/Y
 _401_/Y
 _402_/Y
 _403_/Y
 _404_/X
 _405_/Y
 _406_/Y
 _407_/Y
 _408_/Y
 _409_/Y
 _410_/Y
 _411_/X
 _412_/Y
 _413_/Y
 _414_/Y
 _415_/Y
 _416_/Y
 _417_/Y
 _418_/X
 _419_/Y
 _420_/Y
 _421_/Y
 _422_/Y
 _423_/Y
 _424_/Y
 _425_/X
 _426_/Y
 _427_/Y
 _428_/Y
 _429_/Y
 _430_/Y
 _431_/Y
 _432_/X
 _433_/Y
 _434_/Y
 _435_/Y
 _436_/Y
 _437_/Y
 _438_/Y
 _439_/Y
 _440_/Y
 _441_/Y
 _442_/Q
 _443_/Q
 _444_/Q
 _445_/Q
 _446_/Q
 _447_/Q
 _448_/Q
 _449_/Q
 _450_/Q
 _451_/Q
 _452_/Q
 _453_/Q
 _454_/Q
 _455_/Q
 _456_/Q
 _457_/Q
 _458_/Q
 _459_/Q
 _460_/Q
 _461_/Q
 _462_/Q
 _463_/Q
 _464_/Q
 _465_/Q
 _466_/Q
 _467_/Q
 _468_/Q
 _469_/Q
 _470_/Q
 _471_/Q
 _472_/Q
 _473_/Q
 _474_/Q
 _475_/Q
 _476_/Q
 _477_/Q
 _478_/Q
 _479_/Q
 _480_/Q
 clkbuf_0_clk/X
 clkbuf_2_0__f_clk/X
 clkbuf_2_1__f_clk/X
 clkbuf_2_2__f_clk/X
 clkbuf_2_3__f_clk/X
 clkload0/Y
 clkload1/Y
 clkload2/Y
 cpu_axi_top_100/HI
 cpu_axi_top_100/LO
 cpu_axi_top_101/HI
 cpu_axi_top_101/LO
 cpu_axi_top_102/HI
 cpu_axi_top_102/LO
 cpu_axi_top_103/HI
 cpu_axi_top_103/LO
 cpu_axi_top_104/HI
 cpu_axi_top_104/LO
 cpu_axi_top_105/HI
 cpu_axi_top_105/LO
 cpu_axi_top_106/HI
 cpu_axi_top_106/LO
 cpu_axi_top_107/HI
 cpu_axi_top_107/LO
 cpu_axi_top_108/HI
 cpu_axi_top_108/LO
 cpu_axi_top_109/HI
 cpu_axi_top_109/LO
 cpu_axi_top_110/HI
 cpu_axi_top_110/LO
 cpu_axi_top_111/HI
 cpu_axi_top_111/LO
 cpu_axi_top_112/HI
 cpu_axi_top_112/LO
 cpu_axi_top_113/HI
 cpu_axi_top_113/LO
 cpu_axi_top_114/HI
 cpu_axi_top_114/LO
 cpu_axi_top_115/HI
 cpu_axi_top_115/LO
 cpu_axi_top_116/HI
 cpu_axi_top_116/LO
 cpu_axi_top_117/HI
 cpu_axi_top_117/LO
 cpu_axi_top_118/HI
 cpu_axi_top_118/LO
 cpu_axi_top_119/HI
 cpu_axi_top_119/LO
 cpu_axi_top_120/HI
 cpu_axi_top_120/LO
 cpu_axi_top_121/HI
 cpu_axi_top_121/LO
 cpu_axi_top_122/HI
 cpu_axi_top_122/LO
 cpu_axi_top_123/HI
 cpu_axi_top_123/LO
 cpu_axi_top_124/HI
 cpu_axi_top_124/LO
 cpu_axi_top_125/HI
 cpu_axi_top_125/LO
 cpu_axi_top_126/HI
 cpu_axi_top_126/LO
 cpu_axi_top_127/HI
 cpu_axi_top_127/LO
 cpu_axi_top_128/HI
 cpu_axi_top_128/LO
 cpu_axi_top_129/HI
 cpu_axi_top_129/LO
 cpu_axi_top_130/HI
 cpu_axi_top_130/LO
 cpu_axi_top_131/HI
 cpu_axi_top_131/LO
 cpu_axi_top_132/HI
 cpu_axi_top_132/LO
 cpu_axi_top_133/HI
 cpu_axi_top_133/LO
 cpu_axi_top_134/HI
 cpu_axi_top_134/LO
 cpu_axi_top_135/HI
 cpu_axi_top_135/LO
 cpu_axi_top_136/HI
 cpu_axi_top_136/LO
 cpu_axi_top_137/HI
 cpu_axi_top_137/LO
 cpu_axi_top_138/HI
 cpu_axi_top_138/LO
 cpu_axi_top_139/HI
 cpu_axi_top_139/LO
 cpu_axi_top_140/HI
 cpu_axi_top_140/LO
 cpu_axi_top_141/HI
 cpu_axi_top_141/LO
 cpu_axi_top_142/HI
 cpu_axi_top_142/LO
 cpu_axi_top_143/HI
 cpu_axi_top_143/LO
 cpu_axi_top_144/HI
 cpu_axi_top_144/LO
 cpu_axi_top_145/HI
 cpu_axi_top_145/LO
 cpu_axi_top_146/HI
 cpu_axi_top_146/LO
 cpu_axi_top_147/HI
 cpu_axi_top_147/LO
 cpu_axi_top_148/HI
 cpu_axi_top_148/LO
 cpu_axi_top_149/HI
 cpu_axi_top_149/LO
 cpu_axi_top_150/HI
 cpu_axi_top_150/LO
 cpu_axi_top_151/HI
 cpu_axi_top_151/LO
 cpu_axi_top_152/HI
 cpu_axi_top_152/LO
 cpu_axi_top_153/HI
 cpu_axi_top_153/LO
 cpu_axi_top_154/HI
 cpu_axi_top_154/LO
 cpu_axi_top_155/HI
 cpu_axi_top_155/LO
 cpu_axi_top_156/HI
 cpu_axi_top_156/LO
 cpu_axi_top_157/HI
 cpu_axi_top_157/LO
 cpu_axi_top_158/HI
 cpu_axi_top_158/LO
 cpu_axi_top_159/HI
 cpu_axi_top_159/LO
 cpu_axi_top_160/HI
 cpu_axi_top_160/LO
 cpu_axi_top_161/HI
 cpu_axi_top_161/LO
 cpu_axi_top_162/HI
 cpu_axi_top_162/LO
 cpu_axi_top_163/HI
 cpu_axi_top_163/LO
 cpu_axi_top_164/HI
 cpu_axi_top_164/LO
 cpu_axi_top_165/HI
 cpu_axi_top_165/LO
 cpu_axi_top_166/HI
 cpu_axi_top_166/LO
 cpu_axi_top_167/HI
 cpu_axi_top_167/LO
 cpu_axi_top_38/HI
 cpu_axi_top_38/LO
 cpu_axi_top_39/HI
 cpu_axi_top_39/LO
 cpu_axi_top_40/HI
 cpu_axi_top_40/LO
 cpu_axi_top_41/HI
 cpu_axi_top_41/LO
 cpu_axi_top_42/HI
 cpu_axi_top_42/LO
 cpu_axi_top_43/HI
 cpu_axi_top_43/LO
 cpu_axi_top_44/HI
 cpu_axi_top_44/LO
 cpu_axi_top_45/HI
 cpu_axi_top_45/LO
 cpu_axi_top_46/HI
 cpu_axi_top_46/LO
 cpu_axi_top_47/HI
 cpu_axi_top_47/LO
 cpu_axi_top_48/HI
 cpu_axi_top_48/LO
 cpu_axi_top_49/HI
 cpu_axi_top_49/LO
 cpu_axi_top_50/HI
 cpu_axi_top_50/LO
 cpu_axi_top_51/HI
 cpu_axi_top_51/LO
 cpu_axi_top_52/HI
 cpu_axi_top_52/LO
 cpu_axi_top_53/HI
 cpu_axi_top_53/LO
 cpu_axi_top_54/HI
 cpu_axi_top_54/LO
 cpu_axi_top_55/HI
 cpu_axi_top_55/LO
 cpu_axi_top_56/HI
 cpu_axi_top_56/LO
 cpu_axi_top_57/HI
 cpu_axi_top_57/LO
 cpu_axi_top_58/HI
 cpu_axi_top_58/LO
 cpu_axi_top_59/HI
 cpu_axi_top_59/LO
 cpu_axi_top_60/HI
 cpu_axi_top_60/LO
 cpu_axi_top_61/HI
 cpu_axi_top_61/LO
 cpu_axi_top_62/HI
 cpu_axi_top_62/LO
 cpu_axi_top_63/HI
 cpu_axi_top_63/LO
 cpu_axi_top_64/HI
 cpu_axi_top_64/LO
 cpu_axi_top_65/HI
 cpu_axi_top_65/LO
 cpu_axi_top_66/HI
 cpu_axi_top_66/LO
 cpu_axi_top_67/HI
 cpu_axi_top_67/LO
 cpu_axi_top_68/HI
 cpu_axi_top_68/LO
 cpu_axi_top_69/HI
 cpu_axi_top_69/LO
 cpu_axi_top_70/HI
 cpu_axi_top_70/LO
 cpu_axi_top_71/HI
 cpu_axi_top_71/LO
 cpu_axi_top_72/HI
 cpu_axi_top_72/LO
 cpu_axi_top_73/HI
 cpu_axi_top_73/LO
 cpu_axi_top_74/HI
 cpu_axi_top_74/LO
 cpu_axi_top_75/HI
 cpu_axi_top_75/LO
 cpu_axi_top_76/HI
 cpu_axi_top_76/LO
 cpu_axi_top_77/HI
 cpu_axi_top_77/LO
 cpu_axi_top_78/HI
 cpu_axi_top_78/LO
 cpu_axi_top_79/HI
 cpu_axi_top_79/LO
 cpu_axi_top_80/HI
 cpu_axi_top_80/LO
 cpu_axi_top_81/HI
 cpu_axi_top_81/LO
 cpu_axi_top_82/HI
 cpu_axi_top_82/LO
 cpu_axi_top_83/HI
 cpu_axi_top_83/LO
 cpu_axi_top_84/HI
 cpu_axi_top_84/LO
 cpu_axi_top_85/HI
 cpu_axi_top_85/LO
 cpu_axi_top_86/HI
 cpu_axi_top_86/LO
 cpu_axi_top_87/HI
 cpu_axi_top_87/LO
 cpu_axi_top_88/HI
 cpu_axi_top_88/LO
 cpu_axi_top_89/HI
 cpu_axi_top_89/LO
 cpu_axi_top_90/HI
 cpu_axi_top_90/LO
 cpu_axi_top_91/HI
 cpu_axi_top_91/LO
 cpu_axi_top_92/HI
 cpu_axi_top_92/LO
 cpu_axi_top_93/HI
 cpu_axi_top_93/LO
 cpu_axi_top_94/HI
 cpu_axi_top_94/LO
 cpu_axi_top_95/HI
 cpu_axi_top_95/LO
 cpu_axi_top_96/HI
 cpu_axi_top_96/LO
 cpu_axi_top_97/HI
 cpu_axi_top_97/LO
 cpu_axi_top_98/HI
 cpu_axi_top_98/LO
 cpu_axi_top_99/HI
 cpu_axi_top_99/LO
 fanout34/X
 fanout35/X
 fanout36/X
 fanout37/X
 hold1/X
 hold10/X
 hold11/X
 hold12/X
 hold2/X
 hold3/X
 hold4/X
 hold5/X
 hold6/X
 hold7/X
 hold8/X
 hold9/X
 max_cap31/X
 max_cap32/X
 max_cap33/X
 output1/X
 output10/X
 output11/X
 output12/X
 output13/X
 output14/X
 output15/X
 output16/X
 output17/X
 output18/X
 output19/X
 output2/X
 output20/X
 output21/X
 output22/X
 output23/X
 output24/X
 output25/X
 output26/X
 output27/X
 output28/X
 output29/X
 output3/X
 output30/X
 output4/X
 output5/X
 output6/X
 output7/X
 output8/X
 output9/X
 wire1/X
Found 0 partially unannotated drivers.

===========================================================================
max slew violation count 0
max fanout violation count 7
max cap violation count 0
============================================================================

===========================================================================
check_setup -verbose -unconstrained_endpoints -multiple_clock -no_clock -no_input_delay -loops -generated_clocks
===========================================================================
Warning: There are 130 unconstrained endpoints.
  debug_alu_result[0]
  debug_alu_result[10]
  debug_alu_result[11]
  debug_alu_result[12]
  debug_alu_result[13]
  debug_alu_result[14]
  debug_alu_result[15]
  debug_alu_result[16]
  debug_alu_result[17]
  debug_alu_result[18]
  debug_alu_result[19]
  debug_alu_result[1]
  debug_alu_result[20]
  debug_alu_result[21]
  debug_alu_result[22]
  debug_alu_result[23]
  debug_alu_result[24]
  debug_alu_result[25]
  debug_alu_result[26]
  debug_alu_result[27]
  debug_alu_result[28]
  debug_alu_result[29]
  debug_alu_result[2]
  debug_alu_result[30]
  debug_alu_result[31]
  debug_alu_result[3]
  debug_alu_result[4]
  debug_alu_result[5]
  debug_alu_result[6]
  debug_alu_result[7]
  debug_alu_result[8]
  debug_alu_result[9]
  debug_instr[0]
  debug_instr[10]
  debug_instr[11]
  debug_instr[12]
  debug_instr[13]
  debug_instr[14]
  debug_instr[15]
  debug_instr[16]
  debug_instr[17]
  debug_instr[18]
  debug_instr[19]
  debug_instr[1]
  debug_instr[20]
  debug_instr[21]
  debug_instr[22]
  debug_instr[23]
  debug_instr[24]
  debug_instr[25]
  debug_instr[26]
  debug_instr[27]
  debug_instr[28]
  debug_instr[29]
  debug_instr[2]
  debug_instr[30]
  debug_instr[31]
  debug_instr[3]
  debug_instr[4]
  debug_instr[5]
  debug_instr[6]
  debug_instr[7]
  debug_instr[8]
  debug_instr[9]
  debug_mem[0]
  debug_mem[10]
  debug_mem[11]
  debug_mem[12]
  debug_mem[13]
  debug_mem[14]
  debug_mem[15]
  debug_mem[16]
  debug_mem[17]
  debug_mem[18]
  debug_mem[19]
  debug_mem[1]
  debug_mem[20]
  debug_mem[21]
  debug_mem[22]
  debug_mem[23]
  debug_mem[24]
  debug_mem[25]
  debug_mem[26]
  debug_mem[27]
  debug_mem[28]
  debug_mem[29]
  debug_mem[2]
  debug_mem[30]
  debug_mem[31]
  debug_mem[3]
  debug_mem[4]
  debug_mem[5]
  debug_mem[6]
  debug_mem[7]
  debug_mem[8]
  debug_mem[9]
  debug_pc[0]
  debug_pc[1]
  debug_wb[0]
  debug_wb[10]
  debug_wb[11]
  debug_wb[12]
  debug_wb[13]
  debug_wb[14]
  debug_wb[15]
  debug_wb[16]
  debug_wb[17]
  debug_wb[18]
  debug_wb[19]
  debug_wb[1]
  debug_wb[20]
  debug_wb[21]
  debug_wb[22]
  debug_wb[23]
  debug_wb[24]
  debug_wb[25]
  debug_wb[26]
  debug_wb[27]
  debug_wb[28]
  debug_wb[29]
  debug_wb[2]
  debug_wb[30]
  debug_wb[31]
  debug_wb[3]
  debug_wb[4]
  debug_wb[5]
  debug_wb[6]
  debug_wb[7]
  debug_wb[8]
  debug_wb[9]
